******************************************************************************
                  TI ARM Linker PC v20.2.7                     
******************************************************************************
>> Linked Sat Oct 12 11:00:46 2024

OUTPUT FILE NAME:   <0trial_PWM demo.out>
ENTRY POINT SYMBOL: "_c_int00_noargs"  address: 0000058d


MEMORY CONFIGURATION

         name            origin    length      used     unused   attr    fill
----------------------  --------  ---------  --------  --------  ----  --------
  FLASH                 00000000   00040000  000005fa  0003fa06  R  X
  SRAM                  20000000   00008000  00000204  00007dfc  RW X


SEGMENT ALLOCATION MAP

run origin  load origin   length   init length attrs members
----------  ----------- ---------- ----------- ----- -------
00000000    00000000    00000600   00000600    r-x
  00000000    00000000    0000026c   0000026c    r-- .intvecs
  0000026c    0000026c    00000376   00000376    r-x .text
  000005e8    000005e8    00000018   00000018    r-- .cinit
20000000    20000000    00000204   00000000    rw-
  20000000    20000000    00000200   00000000    rw- .stack
  20000200    20000200    00000004   00000000    rw- .data


SECTION ALLOCATION MAP

 output                                  attributes/
section   page    origin      length       input sections
--------  ----  ----------  ----------   ----------------
.intvecs   0    00000000    0000026c     
                  00000000    0000026c     tm4c123gh6pm_startup_ccs.obj (.intvecs)

.text      0    0000026c    00000376     
                  0000026c    000001d8     main.obj (.text)
                  00000444    0000009c     rtsv7M4_T_le_v4SPD16_eabi.lib : memcpy_t2.asm.obj (.text)
                  000004e0    00000068                                   : copy_decompress_lzss.c.obj (.text:decompress:lzss:__TI_decompress_lzss)
                  00000548    00000044                                   : autoinit.c.obj (.text:__TI_auto_init_nobinit_nopinit:__TI_auto_init_nobinit_nopinit)
                  0000058c    00000034                                   : boot_cortex_m.c.obj (.text:_c_int00_noargs:_c_int00_noargs)
                  000005c0    0000000e                                   : copy_decompress_none.c.obj (.text:decompress:none:__TI_decompress_none)
                  000005ce    0000000c     tm4c123gh6pm_startup_ccs.obj (.text)
                  000005da    00000004     rtsv7M4_T_le_v4SPD16_eabi.lib : pre_init.c.obj (.text:_system_pre_init)
                  000005de    00000004                                   : exit.c.obj (.text:abort:abort)

.cinit     0    000005e8    00000018     
                  000005e8    00000008     (.cinit..data.load) [load image, compression = lzss]
                  000005f0    00000008     (__TI_handler_table)
                  000005f8    00000008     (__TI_cinit_table)

.init_array 
*          0    00000000    00000000     UNINITIALIZED

.data      0    20000200    00000004     UNINITIALIZED
                  20000200    00000004     main.obj (.data)

.stack     0    20000000    00000200     UNINITIALIZED
                  20000000    00000004     rtsv7M4_T_le_v4SPD16_eabi.lib : boot_cortex_m.c.obj (.stack)
                  20000004    000001fc     --HOLE--

__llvm_prf_cnts 
*          0    20000000    00000000     UNINITIALIZED

MODULE SUMMARY

       Module                         code   ro data   rw data
       ------                         ----   -------   -------
    .\
       tm4c123gh6pm_startup_ccs.obj   12     620       0      
       main.obj                       472    0         4      
    +--+------------------------------+------+---------+---------+
       Total:                         484    620       4      
                                                              
    C:\ti\ccs1271\ccs\tools\compiler\ti-cgt-arm_20.2.7.LTS\lib\rtsv7M4_T_le_v4SPD16_eabi.lib
       memcpy_t2.asm.obj              156    0         0      
       copy_decompress_lzss.c.obj     104    0         0      
       autoinit.c.obj                 68     0         0      
       boot_cortex_m.c.obj            52     0         0      
       copy_decompress_none.c.obj     14     0         0      
       exit.c.obj                     4      0         0      
       pre_init.c.obj                 4      0         0      
    +--+------------------------------+------+---------+---------+
       Total:                         402    0         0      
                                                              
       Stack:                         0      0         512    
       Linker Generated:              0      24        0      
    +--+------------------------------+------+---------+---------+
       Grand Total:                   886    644       516    


LINKER GENERATED COPY TABLES

__TI_cinit_table @ 000005f8 records: 1, size/record: 8, table size: 8
	.data: load addr=000005e8, load size=00000008 bytes, run addr=20000200, run size=00000004 bytes, compression=lzss


LINKER GENERATED HANDLER TABLE

__TI_handler_table @ 000005f0 records: 2, size/record: 4, table size: 8
	index: 0, handler: __TI_decompress_lzss
	index: 1, handler: __TI_decompress_none


GLOBAL SYMBOLS: SORTED ALPHABETICALLY BY Name 

address   name                          
-------   ----                          
000005df  C$$EXIT                       
00000353  GPIOFHandler                  
0000029f  GPIOinterrupt_Initialisation  
000002d1  PWMConfiguration              
000005cf  ResetISR                      
0000026d  SysTickHandler                
0000026f  Sys_Port_Initialisation       
20000200  __STACK_END                   
00000200  __STACK_SIZE                  
20000200  __STACK_TOP                   
000005f8  __TI_CINIT_Base               
00000600  __TI_CINIT_Limit              
000005f0  __TI_Handler_Table_Base       
000005f8  __TI_Handler_Table_Limit      
00000549  __TI_auto_init_nobinit_nopinit
000004e1  __TI_decompress_lzss          
000005c1  __TI_decompress_none          
ffffffff  __TI_pprof_out_hndl           
ffffffff  __TI_prof_data_size           
ffffffff  __TI_prof_data_start          
00000000  __TI_static_base__            
00000445  __aeabi_memcpy                
00000445  __aeabi_memcpy4               
00000445  __aeabi_memcpy8               
ffffffff  __binit__                     
ffffffff  __c_args__                    
UNDEFED   __mpu_init                    
20000000  __stack                       
20000000  __start___llvm_prf_cnts       
20000000  __stop___llvm_prf_cnts        
0000058d  _c_int00_noargs               
UNDEFED   _system_post_cinit            
000005db  _system_pre_init              
000005df  abort                         
ffffffff  binit                         
20000200  duty                          
00000000  g_pfnVectors                  
0000032f  main                          
00000445  memcpy                        


GLOBAL SYMBOLS: SORTED BY Symbol Address 

address   name                          
-------   ----                          
00000000  __TI_static_base__            
00000000  g_pfnVectors                  
00000200  __STACK_SIZE                  
0000026d  SysTickHandler                
0000026f  Sys_Port_Initialisation       
0000029f  GPIOinterrupt_Initialisation  
000002d1  PWMConfiguration              
0000032f  main                          
00000353  GPIOFHandler                  
00000445  __aeabi_memcpy                
00000445  __aeabi_memcpy4               
00000445  __aeabi_memcpy8               
00000445  memcpy                        
000004e1  __TI_decompress_lzss          
00000549  __TI_auto_init_nobinit_nopinit
0000058d  _c_int00_noargs               
000005c1  __TI_decompress_none          
000005cf  ResetISR                      
000005db  _system_pre_init              
000005df  C$$EXIT                       
000005df  abort                         
000005f0  __TI_Handler_Table_Base       
000005f8  __TI_CINIT_Base               
000005f8  __TI_Handler_Table_Limit      
00000600  __TI_CINIT_Limit              
20000000  __stack                       
20000000  __start___llvm_prf_cnts       
20000000  __stop___llvm_prf_cnts        
20000200  __STACK_END                   
20000200  __STACK_TOP                   
20000200  duty                          
ffffffff  __TI_pprof_out_hndl           
ffffffff  __TI_prof_data_size           
ffffffff  __TI_prof_data_start          
ffffffff  __binit__                     
ffffffff  __c_args__                    
ffffffff  binit                         
UNDEFED   __mpu_init                    
UNDEFED   _system_post_cinit            

[39 symbols]
