******************************************************************************
                  TI ARM Linker PC v20.2.7                     
******************************************************************************
>> Linked Sun Nov 17 11:21:20 2024

OUTPUT FILE NAME:   <Assigment_UART_Bit_Banging.out>
ENTRY POINT SYMBOL: "_c_int00_noargs"  address: 00000601


MEMORY CONFIGURATION

         name            origin    length      used     unused   attr    fill
----------------------  --------  ---------  --------  --------  ----  --------
  FLASH                 00000000   00040000  00000686  0003f97a  R  X
  SRAM                  20000000   00008000  00000212  00007dee  RW X


SEGMENT ALLOCATION MAP

run origin  load origin   length   init length attrs members
----------  ----------- ---------- ----------- ----- -------
00000000    00000000    00000688   00000688    r-x
  00000000    00000000    0000026c   0000026c    r-- .intvecs
  0000026c    0000026c    000003fa   000003fa    r-x .text
  00000668    00000668    00000020   00000020    r-- .cinit
20000000    20000000    00000212   00000000    rw-
  20000000    20000000    00000200   00000000    rw- .stack
  20000200    20000200    00000012   00000000    rw- .data


SECTION ALLOCATION MAP

 output                                  attributes/
section   page    origin      length       input sections
--------  ----  ----------  ----------   ----------------
.intvecs   0    00000000    0000026c     
                  00000000    0000026c     tm4c123gh6pm_startup_ccs.obj (.intvecs)

.text      0    0000026c    000003fa     
                  0000026c    00000130     allFunctions.obj (.text)
                  0000039c    0000011c     initialisations.obj (.text)
                  000004b8    0000009c     rtsv7M4_T_le_v4SPD16_eabi.lib : memcpy_t2.asm.obj (.text)
                  00000554    00000068                                   : copy_decompress_lzss.c.obj (.text:decompress:lzss:__TI_decompress_lzss)
                  000005bc    00000044                                   : autoinit.c.obj (.text:__TI_auto_init_nobinit_nopinit:__TI_auto_init_nobinit_nopinit)
                  00000600    00000034                                   : boot_cortex_m.c.obj (.text:_c_int00_noargs:_c_int00_noargs)
                  00000634    00000010     main.obj (.text)
                  00000644    0000000e     rtsv7M4_T_le_v4SPD16_eabi.lib : copy_decompress_none.c.obj (.text:decompress:none:__TI_decompress_none)
                  00000652    0000000c     tm4c123gh6pm_startup_ccs.obj (.text)
                  0000065e    00000004     rtsv7M4_T_le_v4SPD16_eabi.lib : pre_init.c.obj (.text:_system_pre_init)
                  00000662    00000004                                   : exit.c.obj (.text:abort:abort)

.cinit     0    00000668    00000020     
                  00000668    00000010     (.cinit..data.load) [load image, compression = lzss]
                  00000678    00000008     (__TI_handler_table)
                  00000680    00000008     (__TI_cinit_table)

.init_array 
*          0    00000000    00000000     UNINITIALIZED

.data      0    20000200    00000012     UNINITIALIZED
                  20000200    00000012     main.obj (.data)

.stack     0    20000000    00000200     UNINITIALIZED
                  20000000    00000004     rtsv7M4_T_le_v4SPD16_eabi.lib : boot_cortex_m.c.obj (.stack)
                  20000004    000001fc     --HOLE--

__llvm_prf_cnts 
*          0    20000000    00000000     UNINITIALIZED

MODULE SUMMARY

       Module                         code   ro data   rw data
       ------                         ----   -------   -------
    .\
       tm4c123gh6pm_startup_ccs.obj   12     620       0      
       allFunctions.obj               304    0         0      
       initialisations.obj            284    0         0      
       main.obj                       16     0         18     
    +--+------------------------------+------+---------+---------+
       Total:                         616    620       18     
                                                              
    C:\ti\ccs1271\ccs\tools\compiler\ti-cgt-arm_20.2.7.LTS\lib\rtsv7M4_T_le_v4SPD16_eabi.lib
       memcpy_t2.asm.obj              156    0         0      
       copy_decompress_lzss.c.obj     104    0         0      
       autoinit.c.obj                 68     0         0      
       boot_cortex_m.c.obj            52     0         0      
       copy_decompress_none.c.obj     14     0         0      
       exit.c.obj                     4      0         0      
       pre_init.c.obj                 4      0         0      
    +--+------------------------------+------+---------+---------+
       Total:                         402    0         0      
                                                              
       Stack:                         0      0         512    
       Linker Generated:              0      32        0      
    +--+------------------------------+------+---------+---------+
       Grand Total:                   1018   652       530    


LINKER GENERATED COPY TABLES

__TI_cinit_table @ 00000680 records: 1, size/record: 8, table size: 8
	.data: load addr=00000668, load size=00000010 bytes, run addr=20000200, run size=00000012 bytes, compression=lzss


LINKER GENERATED HANDLER TABLE

__TI_handler_table @ 00000678 records: 2, size/record: 4, table size: 8
	index: 0, handler: __TI_decompress_lzss
	index: 1, handler: __TI_decompress_none


GLOBAL SYMBOLS: SORTED ALPHABETICALLY BY Name 

address   name                               
-------   ----                               
00000663  C$$EXIT                            
0000035f  GPIOA_Interrupt_Handler            
0000039d  GPIO_PortA_Initialisation          
000003e5  GPIO_PortA_Interrupt_Initialisation
00000653  ResetISR                           
000002d3  Rx_1_Byte                          
0000033f  Timer0_Interrupt_Handler           
0000040f  Timer_0_Initialisation             
0000026d  Tx_1_Byte                          
20000200  __STACK_END                        
00000200  __STACK_SIZE                       
20000200  __STACK_TOP                        
00000680  __TI_CINIT_Base                    
00000688  __TI_CINIT_Limit                   
00000678  __TI_Handler_Table_Base            
00000680  __TI_Handler_Table_Limit           
000005bd  __TI_auto_init_nobinit_nopinit     
00000555  __TI_decompress_lzss               
00000645  __TI_decompress_none               
ffffffff  __TI_pprof_out_hndl                
ffffffff  __TI_prof_data_size                
ffffffff  __TI_prof_data_start               
00000000  __TI_static_base__                 
000004b9  __aeabi_memcpy                     
000004b9  __aeabi_memcpy4                    
000004b9  __aeabi_memcpy8                    
ffffffff  __binit__                          
ffffffff  __c_args__                         
UNDEFED   __mpu_init                         
20000000  __stack                            
20000000  __start___llvm_prf_cnts            
20000000  __stop___llvm_prf_cnts             
00000601  _c_int00_noargs                    
UNDEFED   _system_post_cinit                 
0000065f  _system_pre_init                   
00000663  abort                              
ffffffff  binit                              
2000020c  bit_count_rx                       
20000204  bit_count_tx                       
00000000  g_pfnVectors                       
00000635  main                               
000004b9  memcpy                             
20000208  receive_data                       
20000210  rx_ready                           
20000200  transmit_data                      
20000211  tx_ready                           


GLOBAL SYMBOLS: SORTED BY Symbol Address 

address   name                               
-------   ----                               
00000000  __TI_static_base__                 
00000000  g_pfnVectors                       
00000200  __STACK_SIZE                       
0000026d  Tx_1_Byte                          
000002d3  Rx_1_Byte                          
0000033f  Timer0_Interrupt_Handler           
0000035f  GPIOA_Interrupt_Handler            
0000039d  GPIO_PortA_Initialisation          
000003e5  GPIO_PortA_Interrupt_Initialisation
0000040f  Timer_0_Initialisation             
000004b9  __aeabi_memcpy                     
000004b9  __aeabi_memcpy4                    
000004b9  __aeabi_memcpy8                    
000004b9  memcpy                             
00000555  __TI_decompress_lzss               
000005bd  __TI_auto_init_nobinit_nopinit     
00000601  _c_int00_noargs                    
00000635  main                               
00000645  __TI_decompress_none               
00000653  ResetISR                           
0000065f  _system_pre_init                   
00000663  C$$EXIT                            
00000663  abort                              
00000678  __TI_Handler_Table_Base            
00000680  __TI_CINIT_Base                    
00000680  __TI_Handler_Table_Limit           
00000688  __TI_CINIT_Limit                   
20000000  __stack                            
20000000  __start___llvm_prf_cnts            
20000000  __stop___llvm_prf_cnts             
20000200  __STACK_END                        
20000200  __STACK_TOP                        
20000200  transmit_data                      
20000204  bit_count_tx                       
20000208  receive_data                       
2000020c  bit_count_rx                       
20000210  rx_ready                           
20000211  tx_ready                           
ffffffff  __TI_pprof_out_hndl                
ffffffff  __TI_prof_data_size                
ffffffff  __TI_prof_data_start               
ffffffff  __binit__                          
ffffffff  __c_args__                         
ffffffff  binit                              
UNDEFED   __mpu_init                         
UNDEFED   _system_post_cinit                 

[46 symbols]
