******************************************************************************
                  TI ARM Linker PC v20.2.7                     
******************************************************************************
>> Linked Wed Oct  9 12:18:11 2024

OUTPUT FILE NAME:   <0trial_uart_Rx.out>
ENTRY POINT SYMBOL: "_c_int00_noargs"  address: 000004b9


MEMORY CONFIGURATION

         name            origin    length      used     unused   attr    fill
----------------------  --------  ---------  --------  --------  ----  --------
  FLASH                 00000000   00040000  00000530  0003fad0  R  X
  SRAM                  20000000   00008000  00000201  00007dff  RW X


SEGMENT ALLOCATION MAP

run origin  load origin   length   init length attrs members
----------  ----------- ---------- ----------- ----- -------
00000000    00000000    00000534   00000534    r-x
  00000000    00000000    0000026c   0000026c    r-- .intvecs
  0000026c    0000026c    000002b0   000002b0    r-x .text
  00000520    00000520    00000014   00000014    r-- .cinit
20000000    20000000    00000201   00000000    rw-
  20000000    20000000    00000200   00000000    rw- .stack
  20000200    20000200    00000001   00000000    rw- .bss


SECTION ALLOCATION MAP

 output                                  attributes/
section   page    origin      length       input sections
--------  ----  ----------  ----------   ----------------
.intvecs   0    00000000    0000026c     
                  00000000    0000026c     tm4c123gh6pm_startup_ccs.obj (.intvecs)

.text      0    0000026c    000002b0     
                  0000026c    00000208     main.obj (.text)
                  00000474    00000044     rtsv7M4_T_le_v4SPD16_eabi.lib : autoinit.c.obj (.text:__TI_auto_init_nobinit_nopinit:__TI_auto_init_nobinit_nopinit)
                  000004b8    00000034                                   : boot_cortex_m.c.obj (.text:_c_int00_noargs:_c_int00_noargs)
                  000004ec    0000001c                                   : copy_zero_init.c.obj (.text:decompress:ZI:__TI_zero_init_nomemset:__TI_zero_init_nomemset)
                  00000508    0000000c     tm4c123gh6pm_startup_ccs.obj (.text)
                  00000514    00000004     rtsv7M4_T_le_v4SPD16_eabi.lib : pre_init.c.obj (.text:_system_pre_init)
                  00000518    00000004                                   : exit.c.obj (.text:abort:abort)

.cinit     0    00000520    00000014     
                  00000520    00000008     (.cinit..bss.load) [load image, compression = zero_init]
                  00000528    00000004     (__TI_handler_table)
                  0000052c    00000008     (__TI_cinit_table)

.init_array 
*          0    00000000    00000000     UNINITIALIZED

.bss       0    20000200    00000001     UNINITIALIZED
                  20000200    00000001     (.common:receivedByte)

.stack     0    20000000    00000200     UNINITIALIZED
                  20000000    00000004     rtsv7M4_T_le_v4SPD16_eabi.lib : boot_cortex_m.c.obj (.stack)
                  20000004    000001fc     --HOLE--

__llvm_prf_cnts 
*          0    20000000    00000000     UNINITIALIZED

MODULE SUMMARY

       Module                         code   ro data   rw data
       ------                         ----   -------   -------
    .\
       tm4c123gh6pm_startup_ccs.obj   12     620       0      
       main.obj                       520    0         1      
    +--+------------------------------+------+---------+---------+
       Total:                         532    620       1      
                                                              
    C:\ti\ccs1271\ccs\tools\compiler\ti-cgt-arm_20.2.7.LTS\lib\rtsv7M4_T_le_v4SPD16_eabi.lib
       autoinit.c.obj                 68     0         0      
       boot_cortex_m.c.obj            52     0         0      
       copy_zero_init.c.obj           28     0         0      
       exit.c.obj                     4      0         0      
       pre_init.c.obj                 4      0         0      
    +--+------------------------------+------+---------+---------+
       Total:                         156    0         0      
                                                              
       Stack:                         0      0         512    
       Linker Generated:              0      20        0      
    +--+------------------------------+------+---------+---------+
       Grand Total:                   688    640       513    


LINKER GENERATED COPY TABLES

__TI_cinit_table @ 0000052c records: 1, size/record: 8, table size: 8
	.bss: load addr=00000520, load size=00000008 bytes, run addr=20000200, run size=00000001 bytes, compression=zero_init


LINKER GENERATED HANDLER TABLE

__TI_handler_table @ 00000528 records: 1, size/record: 4, table size: 4
	index: 0, handler: __TI_zero_init


GLOBAL SYMBOLS: SORTED ALPHABETICALLY BY Name 

address   name                          
-------   ----                          
00000519  C$$EXIT                       
0000029d  PortD_Initialisation          
0000026d  PortF_Initialisation          
00000509  ResetISR                      
00000329  UART2_ReceiveByte             
0000030d  UART2_Transmit                
000002e5  Uart2_Initialisation          
00000339  Uart_Read                     
20000200  __STACK_END                   
00000200  __STACK_SIZE                  
20000200  __STACK_TOP                   
0000052c  __TI_CINIT_Base               
00000534  __TI_CINIT_Limit              
00000528  __TI_Handler_Table_Base       
0000052c  __TI_Handler_Table_Limit      
00000475  __TI_auto_init_nobinit_nopinit
ffffffff  __TI_pprof_out_hndl           
ffffffff  __TI_prof_data_size           
ffffffff  __TI_prof_data_start          
00000000  __TI_static_base__            
000004ed  __TI_zero_init_nomemset       
ffffffff  __binit__                     
ffffffff  __c_args__                    
UNDEFED   __mpu_init                    
20000000  __stack                       
20000000  __start___llvm_prf_cnts       
20000000  __stop___llvm_prf_cnts        
000004b9  _c_int00_noargs               
UNDEFED   _system_post_cinit            
00000515  _system_pre_init              
00000519  abort                         
ffffffff  binit                         
00000000  g_pfnVectors                  
000003d3  main                          
20000200  receivedByte                  


GLOBAL SYMBOLS: SORTED BY Symbol Address 

address   name                          
-------   ----                          
00000000  __TI_static_base__            
00000000  g_pfnVectors                  
00000200  __STACK_SIZE                  
0000026d  PortF_Initialisation          
0000029d  PortD_Initialisation          
000002e5  Uart2_Initialisation          
0000030d  UART2_Transmit                
00000329  UART2_ReceiveByte             
00000339  Uart_Read                     
000003d3  main                          
00000475  __TI_auto_init_nobinit_nopinit
000004b9  _c_int00_noargs               
000004ed  __TI_zero_init_nomemset       
00000509  ResetISR                      
00000515  _system_pre_init              
00000519  C$$EXIT                       
00000519  abort                         
00000528  __TI_Handler_Table_Base       
0000052c  __TI_CINIT_Base               
0000052c  __TI_Handler_Table_Limit      
00000534  __TI_CINIT_Limit              
20000000  __stack                       
20000000  __start___llvm_prf_cnts       
20000000  __stop___llvm_prf_cnts        
20000200  __STACK_END                   
20000200  __STACK_TOP                   
20000200  receivedByte                  
ffffffff  __TI_pprof_out_hndl           
ffffffff  __TI_prof_data_size           
ffffffff  __TI_prof_data_start          
ffffffff  __binit__                     
ffffffff  __c_args__                    
ffffffff  binit                         
UNDEFED   __mpu_init                    
UNDEFED   _system_post_cinit            

[35 symbols]
