******************************************************************************
                  TI ARM Linker PC v20.2.7                     
******************************************************************************
>> Linked Thu Sep 19 10:25:20 2024

OUTPUT FILE NAME:   <project_6_pwm_with_variable_dutycycle.out>
ENTRY POINT SYMBOL: "_c_int00_noargs"  address: 00000aad


MEMORY CONFIGURATION

         name            origin    length      used     unused   attr    fill
----------------------  --------  ---------  --------  --------  ----  --------
  FLASH                 00000000   00040000  00000b2e  0003f4d2  R  X
  SRAM                  20000000   00008000  00000230  00007dd0  RW X


SEGMENT ALLOCATION MAP

run origin  load origin   length   init length attrs members
----------  ----------- ---------- ----------- ----- -------
00000000    00000000    00000b34   00000b34    r-x
  00000000    00000000    0000026c   0000026c    r-- .intvecs
  0000026c    0000026c    00000896   00000896    r-x .text
  00000b08    00000b08    0000002c   0000002c    r-- .cinit
20000000    20000000    00000230   00000000    rw-
  20000000    20000000    00000200   00000000    rw- .stack
  20000200    20000200    00000030   00000000    rw- .data


SECTION ALLOCATION MAP

 output                                  attributes/
section   page    origin      length       input sections
--------  ----  ----------  ----------   ----------------
.intvecs   0    00000000    0000026c     
                  00000000    0000026c     tm4c123gh6pm_startup_ccs.obj (.intvecs)

.text      0    0000026c    00000896     
                  0000026c    00000244     main.obj (.text)
                  000004b0    000001b6     rtsv7M4_T_le_v4SPD16_eabi.lib : fd_add_t2.asm.obj (.text)
                  00000666    00000136                                   : fd_div_t2.asm.obj (.text)
                  0000079c    000000fc                                   : fd_mul_t2.asm.obj (.text)
                  00000898    0000009c                                   : memcpy_t2.asm.obj (.text)
                  00000934    00000086                                   : fd_cmp_t2.asm.obj (.text:__aeabi_cdcmple)
                  000009ba    00000068                                   : copy_decompress_lzss.c.obj (.text:decompress:lzss:__TI_decompress_lzss)
                  00000a22    00000002     --HOLE-- [fill = 0]
                  00000a24    00000044                                   : autoinit.c.obj (.text:__TI_auto_init_nobinit_nopinit:__TI_auto_init_nobinit_nopinit)
                  00000a68    00000044                                   : fd_tou_t2.asm.obj (.text)
                  00000aac    00000034                                   : boot_cortex_m.c.obj (.text:_c_int00_noargs:_c_int00_noargs)
                  00000ae0    0000000e                                   : copy_decompress_none.c.obj (.text:decompress:none:__TI_decompress_none)
                  00000aee    0000000c     tm4c123gh6pm_startup_ccs.obj (.text)
                  00000afa    00000004     rtsv7M4_T_le_v4SPD16_eabi.lib : pre_init.c.obj (.text:_system_pre_init)
                  00000afe    00000004                                   : exit.c.obj (.text:abort:abort)

.cinit     0    00000b08    0000002c     
                  00000b08    0000001c     (.cinit..data.load) [load image, compression = lzss]
                  00000b24    00000008     (__TI_handler_table)
                  00000b2c    00000008     (__TI_cinit_table)

.init_array 
*          0    00000000    00000000     UNINITIALIZED

.data      0    20000200    00000030     UNINITIALIZED
                  20000200    00000030     main.obj (.data)

.stack     0    20000000    00000200     UNINITIALIZED
                  20000000    00000004     rtsv7M4_T_le_v4SPD16_eabi.lib : boot_cortex_m.c.obj (.stack)
                  20000004    000001fc     --HOLE--

__llvm_prf_cnts 
*          0    20000000    00000000     UNINITIALIZED

MODULE SUMMARY

       Module                         code   ro data   rw data
       ------                         ----   -------   -------
    .\
       tm4c123gh6pm_startup_ccs.obj   12     620       0      
       main.obj                       580    0         48     
    +--+------------------------------+------+---------+---------+
       Total:                         592    620       48     
                                                              
    C:\ti\ccs1271\ccs\tools\compiler\ti-cgt-arm_20.2.7.LTS\lib\rtsv7M4_T_le_v4SPD16_eabi.lib
       fd_add_t2.asm.obj              438    0         0      
       fd_div_t2.asm.obj              310    0         0      
       fd_mul_t2.asm.obj              252    0         0      
       memcpy_t2.asm.obj              156    0         0      
       fd_cmp_t2.asm.obj              134    0         0      
       copy_decompress_lzss.c.obj     104    0         0      
       autoinit.c.obj                 68     0         0      
       fd_tou_t2.asm.obj              68     0         0      
       boot_cortex_m.c.obj            52     0         0      
       copy_decompress_none.c.obj     14     0         0      
       exit.c.obj                     4      0         0      
       pre_init.c.obj                 4      0         0      
    +--+------------------------------+------+---------+---------+
       Total:                         1604   0         0      
                                                              
       Stack:                         0      0         512    
       Linker Generated:              0      44        0      
    +--+------------------------------+------+---------+---------+
       Grand Total:                   2196   664       560    


LINKER GENERATED COPY TABLES

__TI_cinit_table @ 00000b2c records: 1, size/record: 8, table size: 8
	.data: load addr=00000b08, load size=0000001c bytes, run addr=20000200, run size=00000030 bytes, compression=lzss


LINKER GENERATED HANDLER TABLE

__TI_handler_table @ 00000b24 records: 2, size/record: 4, table size: 8
	index: 0, handler: __TI_decompress_lzss
	index: 1, handler: __TI_decompress_none


GLOBAL SYMBOLS: SORTED ALPHABETICALLY BY Name 

address   name                          
-------   ----                          
00000aff  C$$EXIT                       
00000359  GPIOF_Handler                 
000003eb  GPIOinterrupt_Initialisation  
00000281  PwmControl                    
00000aef  ResetISR                      
000002d9  SysTick_Handler               
00000413  SysTick_Initialisation        
000003bb  Sys_Port_Initialisation       
20000200  __STACK_END                   
00000200  __STACK_SIZE                  
20000200  __STACK_TOP                   
00000b2c  __TI_CINIT_Base               
00000b34  __TI_CINIT_Limit              
00000b24  __TI_Handler_Table_Base       
00000b2c  __TI_Handler_Table_Limit      
00000a25  __TI_auto_init_nobinit_nopinit
000009bb  __TI_decompress_lzss          
00000ae1  __TI_decompress_none          
ffffffff  __TI_pprof_out_hndl           
ffffffff  __TI_prof_data_size           
ffffffff  __TI_prof_data_start          
00000000  __TI_static_base__            
00000935  __aeabi_cdcmpeq               
00000935  __aeabi_cdcmple               
00000a69  __aeabi_d2uiz                 
000004bb  __aeabi_dadd                  
00000667  __aeabi_ddiv                  
0000079d  __aeabi_dmul                  
000004b1  __aeabi_dsub                  
00000899  __aeabi_memcpy                
00000899  __aeabi_memcpy4               
00000899  __aeabi_memcpy8               
ffffffff  __binit__                     
ffffffff  __c_args__                    
UNDEFED   __mpu_init                    
20000000  __stack                       
20000000  __start___llvm_prf_cnts       
20000000  __stop___llvm_prf_cnts        
00000aad  _c_int00_noargs               
UNDEFED   _system_post_cinit            
00000afb  _system_pre_init              
00000aff  abort                         
ffffffff  binit                         
20000208  clkFreq                       
00000000  g_pfnVectors                  
0000026d  main                          
00000899  memcpy                        
20000220  offTime                       
20000218  onTime                        
20000210  period                        
20000228  pwmDutyCycle                  
20000200  state                         


GLOBAL SYMBOLS: SORTED BY Symbol Address 

address   name                          
-------   ----                          
00000000  __TI_static_base__            
00000000  g_pfnVectors                  
00000200  __STACK_SIZE                  
0000026d  main                          
00000281  PwmControl                    
000002d9  SysTick_Handler               
00000359  GPIOF_Handler                 
000003bb  Sys_Port_Initialisation       
000003eb  GPIOinterrupt_Initialisation  
00000413  SysTick_Initialisation        
000004b1  __aeabi_dsub                  
000004bb  __aeabi_dadd                  
00000667  __aeabi_ddiv                  
0000079d  __aeabi_dmul                  
00000899  __aeabi_memcpy                
00000899  __aeabi_memcpy4               
00000899  __aeabi_memcpy8               
00000899  memcpy                        
00000935  __aeabi_cdcmpeq               
00000935  __aeabi_cdcmple               
000009bb  __TI_decompress_lzss          
00000a25  __TI_auto_init_nobinit_nopinit
00000a69  __aeabi_d2uiz                 
00000aad  _c_int00_noargs               
00000ae1  __TI_decompress_none          
00000aef  ResetISR                      
00000afb  _system_pre_init              
00000aff  C$$EXIT                       
00000aff  abort                         
00000b24  __TI_Handler_Table_Base       
00000b2c  __TI_CINIT_Base               
00000b2c  __TI_Handler_Table_Limit      
00000b34  __TI_CINIT_Limit              
20000000  __stack                       
20000000  __start___llvm_prf_cnts       
20000000  __stop___llvm_prf_cnts        
20000200  __STACK_END                   
20000200  __STACK_TOP                   
20000200  state                         
20000208  clkFreq                       
20000210  period                        
20000218  onTime                        
20000220  offTime                       
20000228  pwmDutyCycle                  
ffffffff  __TI_pprof_out_hndl           
ffffffff  __TI_prof_data_size           
ffffffff  __TI_prof_data_start          
ffffffff  __binit__                     
ffffffff  __c_args__                    
ffffffff  binit                         
UNDEFED   __mpu_init                    
UNDEFED   _system_post_cinit            

[52 symbols]
