******************************************************************************
                  TI ARM Linker PC v20.2.7                     
******************************************************************************
>> Linked Sun Sep 22 11:36:40 2024

OUTPUT FILE NAME:   <project_6_pwm_with_variable_duty_1_switch.out>
ENTRY POINT SYMBOL: "_c_int00_noargs"  address: 00000621


MEMORY CONFIGURATION

         name            origin    length      used     unused   attr    fill
----------------------  --------  ---------  --------  --------  ----  --------
  FLASH                 00000000   00040000  00000692  0003f96e  R  X
  SRAM                  20000000   00008000  0000020c  00007df4  RW X


SEGMENT ALLOCATION MAP

run origin  load origin   length   init length attrs members
----------  ----------- ---------- ----------- ----- -------
00000000    00000000    00000694   00000694    r-x
  00000000    00000000    0000026c   0000026c    r-- .intvecs
  0000026c    0000026c    0000040a   0000040a    r-x .text
  00000678    00000678    0000001c   0000001c    r-- .cinit
20000000    20000000    0000020c   00000000    rw-
  20000000    20000000    00000200   00000000    rw- .stack
  20000200    20000200    0000000c   00000000    rw- .data


SECTION ALLOCATION MAP

 output                                  attributes/
section   page    origin      length       input sections
--------  ----  ----------  ----------   ----------------
.intvecs   0    00000000    0000026c     
                  00000000    0000026c     tm4c123gh6pm_startup_ccs.obj (.intvecs)

.text      0    0000026c    0000040a     
                  0000026c    0000026c     main.obj (.text)
                  000004d8    0000009c     rtsv7M4_T_le_v4SPD16_eabi.lib : memcpy_t2.asm.obj (.text)
                  00000574    00000068                                   : copy_decompress_lzss.c.obj (.text:decompress:lzss:__TI_decompress_lzss)
                  000005dc    00000044                                   : autoinit.c.obj (.text:__TI_auto_init_nobinit_nopinit:__TI_auto_init_nobinit_nopinit)
                  00000620    00000034                                   : boot_cortex_m.c.obj (.text:_c_int00_noargs:_c_int00_noargs)
                  00000654    0000000e                                   : copy_decompress_none.c.obj (.text:decompress:none:__TI_decompress_none)
                  00000662    0000000c     tm4c123gh6pm_startup_ccs.obj (.text)
                  0000066e    00000004     rtsv7M4_T_le_v4SPD16_eabi.lib : pre_init.c.obj (.text:_system_pre_init)
                  00000672    00000004                                   : exit.c.obj (.text:abort:abort)

.cinit     0    00000678    0000001c     
                  00000678    0000000a     (.cinit..data.load) [load image, compression = lzss]
                  00000682    00000002     --HOLE-- [fill = 0]
                  00000684    00000008     (__TI_handler_table)
                  0000068c    00000008     (__TI_cinit_table)

.init_array 
*          0    00000000    00000000     UNINITIALIZED

.data      0    20000200    0000000c     UNINITIALIZED
                  20000200    0000000c     main.obj (.data)

.stack     0    20000000    00000200     UNINITIALIZED
                  20000000    00000004     rtsv7M4_T_le_v4SPD16_eabi.lib : boot_cortex_m.c.obj (.stack)
                  20000004    000001fc     --HOLE--

__llvm_prf_cnts 
*          0    20000000    00000000     UNINITIALIZED

MODULE SUMMARY

       Module                         code   ro data   rw data
       ------                         ----   -------   -------
    .\
       main.obj                       620    0         12     
       tm4c123gh6pm_startup_ccs.obj   12     620       0      
    +--+------------------------------+------+---------+---------+
       Total:                         632    620       12     
                                                              
    C:\ti\ccs1271\ccs\tools\compiler\ti-cgt-arm_20.2.7.LTS\lib\rtsv7M4_T_le_v4SPD16_eabi.lib
       memcpy_t2.asm.obj              156    0         0      
       copy_decompress_lzss.c.obj     104    0         0      
       autoinit.c.obj                 68     0         0      
       boot_cortex_m.c.obj            52     0         0      
       copy_decompress_none.c.obj     14     0         0      
       exit.c.obj                     4      0         0      
       pre_init.c.obj                 4      0         0      
    +--+------------------------------+------+---------+---------+
       Total:                         402    0         0      
                                                              
       Stack:                         0      0         512    
       Linker Generated:              0      26        0      
    +--+------------------------------+------+---------+---------+
       Grand Total:                   1034   646       524    


LINKER GENERATED COPY TABLES

__TI_cinit_table @ 0000068c records: 1, size/record: 8, table size: 8
	.data: load addr=00000678, load size=0000000a bytes, run addr=20000200, run size=0000000c bytes, compression=lzss


LINKER GENERATED HANDLER TABLE

__TI_handler_table @ 00000684 records: 2, size/record: 4, table size: 8
	index: 0, handler: __TI_decompress_lzss
	index: 1, handler: __TI_decompress_none


GLOBAL SYMBOLS: SORTED ALPHABETICALLY BY Name 

address   name                          
-------   ----                          
00000673  C$$EXIT                       
00000351  GPIOFHandler                  
0000029f  GPIOinterrupt_Initialisation  
000002d1  PWMConfiguration              
00000663  ResetISR                      
0000026d  SysTickHandler                
0000026f  Sys_Port_Initialisation       
20000200  __STACK_END                   
00000200  __STACK_SIZE                  
20000200  __STACK_TOP                   
0000068c  __TI_CINIT_Base               
00000694  __TI_CINIT_Limit              
00000684  __TI_Handler_Table_Base       
0000068c  __TI_Handler_Table_Limit      
000005dd  __TI_auto_init_nobinit_nopinit
00000575  __TI_decompress_lzss          
00000655  __TI_decompress_none          
ffffffff  __TI_pprof_out_hndl           
ffffffff  __TI_prof_data_size           
ffffffff  __TI_prof_data_start          
00000000  __TI_static_base__            
000004d9  __aeabi_memcpy                
000004d9  __aeabi_memcpy4               
000004d9  __aeabi_memcpy8               
ffffffff  __binit__                     
ffffffff  __c_args__                    
UNDEFED   __mpu_init                    
20000000  __stack                       
20000000  __start___llvm_prf_cnts       
20000000  __stop___llvm_prf_cnts        
00000621  _c_int00_noargs               
UNDEFED   _system_post_cinit            
0000066f  _system_pre_init              
00000673  abort                         
ffffffff  binit                         
000003b5  button_read                   
00000367  delay_ms                      
20000208  duty                          
00000000  g_pfnVectors                  
20000200  i                             
20000204  j                             
0000032d  main                          
000004d9  memcpy                        


GLOBAL SYMBOLS: SORTED BY Symbol Address 

address   name                          
-------   ----                          
00000000  __TI_static_base__            
00000000  g_pfnVectors                  
00000200  __STACK_SIZE                  
0000026d  SysTickHandler                
0000026f  Sys_Port_Initialisation       
0000029f  GPIOinterrupt_Initialisation  
000002d1  PWMConfiguration              
0000032d  main                          
00000351  GPIOFHandler                  
00000367  delay_ms                      
000003b5  button_read                   
000004d9  __aeabi_memcpy                
000004d9  __aeabi_memcpy4               
000004d9  __aeabi_memcpy8               
000004d9  memcpy                        
00000575  __TI_decompress_lzss          
000005dd  __TI_auto_init_nobinit_nopinit
00000621  _c_int00_noargs               
00000655  __TI_decompress_none          
00000663  ResetISR                      
0000066f  _system_pre_init              
00000673  C$$EXIT                       
00000673  abort                         
00000684  __TI_Handler_Table_Base       
0000068c  __TI_CINIT_Base               
0000068c  __TI_Handler_Table_Limit      
00000694  __TI_CINIT_Limit              
20000000  __stack                       
20000000  __start___llvm_prf_cnts       
20000000  __stop___llvm_prf_cnts        
20000200  __STACK_END                   
20000200  __STACK_TOP                   
20000200  i                             
20000204  j                             
20000208  duty                          
ffffffff  __TI_pprof_out_hndl           
ffffffff  __TI_prof_data_size           
ffffffff  __TI_prof_data_start          
ffffffff  __binit__                     
ffffffff  __c_args__                    
ffffffff  binit                         
UNDEFED   __mpu_init                    
UNDEFED   _system_post_cinit            

[43 symbols]
