******************************************************************************
                  TI ARM Linker PC v20.2.7                     
******************************************************************************
>> Linked Thu Aug 29 16:47:10 2024

OUTPUT FILE NAME:   <onboard_led_ringBlink.out>
ENTRY POINT SYMBOL: "_c_int00_noargs"  address: 0000048d


MEMORY CONFIGURATION

         name            origin    length      used     unused   attr    fill
----------------------  --------  ---------  --------  --------  ----  --------
  FLASH                 00000000   00040000  000004fe  0003fb02  R  X
  SRAM                  20000000   00008000  00000208  00007df8  RW X


SEGMENT ALLOCATION MAP

run origin  load origin   length   init length attrs members
----------  ----------- ---------- ----------- ----- -------
00000000    00000000    00000504   00000504    r-x
  00000000    00000000    0000026c   0000026c    r-- .intvecs
  0000026c    0000026c    00000276   00000276    r-x .text
  000004e8    000004e8    0000001c   0000001c    r-- .cinit
20000000    20000000    00000208   00000000    rw-
  20000000    20000000    00000200   00000000    rw- .stack
  20000200    20000200    00000008   00000000    rw- .data


SECTION ALLOCATION MAP

 output                                  attributes/
section   page    origin      length       input sections
--------  ----  ----------  ----------   ----------------
.intvecs   0    00000000    0000026c     
                  00000000    0000026c     tm4c123gh6pm_startup_ccs.obj (.intvecs)

.text      0    0000026c    00000276     
                  0000026c    000000d8     main.obj (.text)
                  00000344    0000009c     rtsv7M4_T_le_v4SPD16_eabi.lib : memcpy_t2.asm.obj (.text)
                  000003e0    00000068                                   : copy_decompress_lzss.c.obj (.text:decompress:lzss:__TI_decompress_lzss)
                  00000448    00000044                                   : autoinit.c.obj (.text:__TI_auto_init_nobinit_nopinit:__TI_auto_init_nobinit_nopinit)
                  0000048c    00000034                                   : boot_cortex_m.c.obj (.text:_c_int00_noargs:_c_int00_noargs)
                  000004c0    0000000e                                   : copy_decompress_none.c.obj (.text:decompress:none:__TI_decompress_none)
                  000004ce    0000000c     tm4c123gh6pm_startup_ccs.obj (.text)
                  000004da    00000004     rtsv7M4_T_le_v4SPD16_eabi.lib : pre_init.c.obj (.text:_system_pre_init)
                  000004de    00000004                                   : exit.c.obj (.text:abort:abort)

.cinit     0    000004e8    0000001c     
                  000004e8    0000000a     (.cinit..data.load) [load image, compression = lzss]
                  000004f2    00000002     --HOLE-- [fill = 0]
                  000004f4    00000008     (__TI_handler_table)
                  000004fc    00000008     (__TI_cinit_table)

.init_array 
*          0    00000000    00000000     UNINITIALIZED

.data      0    20000200    00000008     UNINITIALIZED
                  20000200    00000008     main.obj (.data)

.stack     0    20000000    00000200     UNINITIALIZED
                  20000000    00000004     rtsv7M4_T_le_v4SPD16_eabi.lib : boot_cortex_m.c.obj (.stack)
                  20000004    000001fc     --HOLE--

__llvm_prf_cnts 
*          0    20000000    00000000     UNINITIALIZED

MODULE SUMMARY

       Module                         code   ro data   rw data
       ------                         ----   -------   -------
    .\
       tm4c123gh6pm_startup_ccs.obj   12     620       0      
       main.obj                       216    0         8      
    +--+------------------------------+------+---------+---------+
       Total:                         228    620       8      
                                                              
    C:\ti\ccs1271\ccs\tools\compiler\ti-cgt-arm_20.2.7.LTS\lib\rtsv7M4_T_le_v4SPD16_eabi.lib
       memcpy_t2.asm.obj              156    0         0      
       copy_decompress_lzss.c.obj     104    0         0      
       autoinit.c.obj                 68     0         0      
       boot_cortex_m.c.obj            52     0         0      
       copy_decompress_none.c.obj     14     0         0      
       exit.c.obj                     4      0         0      
       pre_init.c.obj                 4      0         0      
    +--+------------------------------+------+---------+---------+
       Total:                         402    0         0      
                                                              
       Stack:                         0      0         512    
       Linker Generated:              0      26        0      
    +--+------------------------------+------+---------+---------+
       Grand Total:                   630    646       520    


LINKER GENERATED COPY TABLES

__TI_cinit_table @ 000004fc records: 1, size/record: 8, table size: 8
	.data: load addr=000004e8, load size=0000000a bytes, run addr=20000200, run size=00000008 bytes, compression=lzss


LINKER GENERATED HANDLER TABLE

__TI_handler_table @ 000004f4 records: 2, size/record: 4, table size: 8
	index: 0, handler: __TI_decompress_lzss
	index: 1, handler: __TI_decompress_none


GLOBAL SYMBOLS: SORTED ALPHABETICALLY BY Name 

address   name                          
-------   ----                          
000004df  C$$EXIT                       
000004cf  ResetISR                      
UNDEFED   TimerTimeout                  
20000200  __STACK_END                   
00000200  __STACK_SIZE                  
20000200  __STACK_TOP                   
000004fc  __TI_CINIT_Base               
00000504  __TI_CINIT_Limit              
000004f4  __TI_Handler_Table_Base       
000004fc  __TI_Handler_Table_Limit      
00000449  __TI_auto_init_nobinit_nopinit
000003e1  __TI_decompress_lzss          
000004c1  __TI_decompress_none          
ffffffff  __TI_pprof_out_hndl           
ffffffff  __TI_prof_data_size           
ffffffff  __TI_prof_data_start          
00000000  __TI_static_base__            
00000345  __aeabi_memcpy                
00000345  __aeabi_memcpy4               
00000345  __aeabi_memcpy8               
ffffffff  __binit__                     
ffffffff  __c_args__                    
UNDEFED   __mpu_init                    
20000000  __stack                       
20000000  __start___llvm_prf_cnts       
20000000  __stop___llvm_prf_cnts        
0000048d  _c_int00_noargs               
UNDEFED   _system_post_cinit            
000004db  _system_pre_init              
000004df  abort                         
ffffffff  binit                         
00000000  g_pfnVectors                  
20000204  i                             
0000026d  main                          
00000345  memcpy                        
20000200  timeIntervel                  


GLOBAL SYMBOLS: SORTED BY Symbol Address 

address   name                          
-------   ----                          
00000000  __TI_static_base__            
00000000  g_pfnVectors                  
00000200  __STACK_SIZE                  
0000026d  main                          
00000345  __aeabi_memcpy                
00000345  __aeabi_memcpy4               
00000345  __aeabi_memcpy8               
00000345  memcpy                        
000003e1  __TI_decompress_lzss          
00000449  __TI_auto_init_nobinit_nopinit
0000048d  _c_int00_noargs               
000004c1  __TI_decompress_none          
000004cf  ResetISR                      
000004db  _system_pre_init              
000004df  C$$EXIT                       
000004df  abort                         
000004f4  __TI_Handler_Table_Base       
000004fc  __TI_CINIT_Base               
000004fc  __TI_Handler_Table_Limit      
00000504  __TI_CINIT_Limit              
20000000  __stack                       
20000000  __start___llvm_prf_cnts       
20000000  __stop___llvm_prf_cnts        
20000200  __STACK_END                   
20000200  __STACK_TOP                   
20000200  timeIntervel                  
20000204  i                             
ffffffff  __TI_pprof_out_hndl           
ffffffff  __TI_prof_data_size           
ffffffff  __TI_prof_data_start          
ffffffff  __binit__                     
ffffffff  __c_args__                    
ffffffff  binit                         
UNDEFED   TimerTimeout                  
UNDEFED   __mpu_init                    
UNDEFED   _system_post_cinit            

[36 symbols]
